{"events.jsonl":"0aef4562a2a2294fa3782c1e0c4a3405c7001a3b03c7e009a0d6fb884ee71b9b","queue.json":"657acc980c1b109aceaf9760de892282d19bfbbfc3905cacc71e6e7eb1f1935e","report.json":"1d0ac1ad122044c5e06a3a6b31513676cda63e2e66cdd954dfee1bab52069eeb"}