staff_id,unit,role,shift_start,shift_end
E5,A,carer,2025-09-01T07:00,2025-09-01T15:00
E5,A,carer,2025-09-02T15:00,2025-09-02T23:00
F6,B,carer,2025-09-01T15:00,2025-09-01T23:00
F6,B,carer,2025-09-02T07:00,2025-09-02T15:00
