staff_id,clock_in,clock_out
E5,2025-09-01T07:00,2025-09-01T15:00
E5,2025-09-02T15:00,2025-09-02T23:00
F6,2025-09-01T15:00,2025-09-01T23:00
F6,2025-09-02T07:00,2025-09-02T15:00
