resident_id,started_at,response_secs
R7,2025-09-02T20:00,240
R8,2025-09-02T21:00,420
R9,2025-09-03T10:00,510
