{"events.jsonl":"0aef4562a2a2294fa3782c1e0c4a3405c7001a3b03c7e009a0d6fb884ee71b9b","queue.json":"657acc980c1b109aceaf9760de892282d19bfbbfc3905cacc71e6e7eb1f1935e","report.json":"881c51ad05ae690d6e96a18c01301c82ef545467fdb645e8969955d15ad97ca3"}