staff_id,unit,role,shift_start,shift_end
C3,A,carer,2025-09-02T07:00,2025-09-02T15:00
C3,A,carer,2025-09-03T07:00,2025-09-03T15:00
D4,B,carer,2025-09-02T15:00,2025-09-02T23:00
D4,B,carer,2025-09-03T15:00,2025-09-03T23:00
