staff_id,clock_in,clock_out
C3,2025-09-02T06:55,2025-09-02T15:05
C3,2025-09-03T06:58,2025-09-03T15:01
D4,2025-09-02T14:58,2025-09-02T23:02
D4,2025-09-03T14:59,2025-09-03T23:01
