resident_id,started_at,response_secs
R1,2025-09-02T20:00,300
R2,2025-09-02T20:10,120
R3,2025-09-02T20:20,540
R4,2025-09-03T10:00,90
R5,2025-09-03T10:05,600
