{"events.jsonl":"a3fdf9e844246eea655f3c8d14bc7094f91f20489321f222b2249e33519e49d9","queue.json":"580aaf12044159553dca80c5b8cf6f105ad0b2b2d962dd3ad05ab782999db7eb","report.json":"97f41af087567fd672f5fb1c2342120303f3394164aeaf0f78b5dca0e3f62dcf"}