resident_id,kind,occurred_at
R5,fall,2025-09-03T10:20
