staff_id,unit,role,shift_start,shift_end
A1,A,carer,2025-09-01T07:00,2025-09-01T15:00
A1,A,carer,2025-09-02T07:00,2025-09-02T15:00
A1,A,carer,2025-09-03T15:00,2025-09-03T23:00
A1,A,carer,2025-09-04T07:00,2025-09-04T15:00
B2,B,carer,2025-09-01T07:00,2025-09-01T15:00
B2,B,carer,2025-09-02T15:00,2025-09-02T23:00
B2,B,carer,2025-09-03T07:00,2025-09-03T15:00
B2,B,carer,2025-09-04T15:00,2025-09-04T23:00
