staff_id,clock_in,clock_out
A1,2025-09-01T06:55,2025-09-01T15:05
A1,2025-09-02T06:58,2025-09-02T15:01
A1,2025-09-03T15:02,2025-09-03T23:10
A1,2025-09-04T07:01,2025-09-04T14:59
B2,2025-09-01T07:00,2025-09-01T15:00
B2,2025-09-02T14:59,2025-09-02T23:01
B2,2025-09-03T07:01,2025-09-03T15:01
B2,2025-09-04T14:58,2025-09-04T23:02
